// Jest Snapshot v1, https://goo.gl/fbAQLP

exports[`bundle-service should make a bundle from a source string 1`] = `
"(function webpackUniversalModuleDefinition(root, factory) {
	if(typeof exports === 'object' && typeof module === 'object')
		module.exports = factory(require(\\"react\\"), require(\\"react-dom\\"));
	else if(typeof define === 'function' && define.amd)
		define([\\"react\\", \\"react-dom\\"], factory);
	else {
		var a = typeof exports === 'object' ? factory(require(\\"react\\"), require(\\"react-dom\\")) : factory(root[\\"react\\"], root[\\"react-dom\\"]);
		for(var i in a) (typeof exports === 'object' ? exports : root)[i] = a[i];
	}
})(this, function(__WEBPACK_EXTERNAL_MODULE_0__, __WEBPACK_EXTERNAL_MODULE_1__) {
return /******/ (function(modules) { // webpackBootstrap
/******/ 	// The module cache
/******/ 	var installedModules = {};
/******/
/******/ 	// The require function
/******/ 	function __webpack_require__(moduleId) {
/******/
/******/ 		// Check if module is in cache
/******/ 		if(installedModules[moduleId])
/******/ 			return installedModules[moduleId].exports;
/******/
/******/ 		// Create a new module (and put it into the cache)
/******/ 		var module = installedModules[moduleId] = {
/******/ 			i: moduleId,
/******/ 			l: false,
/******/ 			exports: {}
/******/ 		};
/******/
/******/ 		// Execute the module function
/******/ 		modules[moduleId].call(module.exports, module, module.exports, __webpack_require__);
/******/
/******/ 		// Flag the module as loaded
/******/ 		module.l = true;
/******/
/******/ 		// Return the exports of the module
/******/ 		return module.exports;
/******/ 	}
/******/
/******/
/******/ 	// expose the modules object (__webpack_modules__)
/******/ 	__webpack_require__.m = modules;
/******/
/******/ 	// expose the module cache
/******/ 	__webpack_require__.c = installedModules;
/******/
/******/ 	// identity function for calling harmony imports with the correct context
/******/ 	__webpack_require__.i = function(value) { return value; };
/******/
/******/ 	// define getter function for harmony exports
/******/ 	__webpack_require__.d = function(exports, name, getter) {
/******/ 		if(!__webpack_require__.o(exports, name)) {
/******/ 			Object.defineProperty(exports, name, {
/******/ 				configurable: false,
/******/ 				enumerable: true,
/******/ 				get: getter
/******/ 			});
/******/ 		}
/******/ 	};
/******/
/******/ 	// getDefaultExport function for compatibility with non-harmony modules
/******/ 	__webpack_require__.n = function(module) {
/******/ 		var getter = module && module.__esModule ?
/******/ 			function getDefault() { return module['default']; } :
/******/ 			function getModuleExports() { return module; };
/******/ 		__webpack_require__.d(getter, 'a', getter);
/******/ 		return getter;
/******/ 	};
/******/
/******/ 	// Object.prototype.hasOwnProperty.call
/******/ 	__webpack_require__.o = function(object, property) { return Object.prototype.hasOwnProperty.call(object, property); };
/******/
/******/ 	// __webpack_public_path__
/******/ 	__webpack_require__.p = \\"\\";
/******/
/******/ 	// Load entry module and return exports
/******/ 	return __webpack_require__(__webpack_require__.s = 2);
/******/ })
/************************************************************************/
/******/ ([
/* 0 */
/***/ (function(module, exports) {

module.exports = __WEBPACK_EXTERNAL_MODULE_0__;

/***/ }),
/* 1 */
/***/ (function(module, exports) {

module.exports = __WEBPACK_EXTERNAL_MODULE_1__;

/***/ }),
/* 2 */
/***/ (function(module, __webpack_exports__, __webpack_require__) {

\\"use strict\\";
Object.defineProperty(__webpack_exports__, \\"__esModule\\", { value: true });
/* harmony import */ var __WEBPACK_IMPORTED_MODULE_0_react__ = __webpack_require__(0);
/* harmony import */ var __WEBPACK_IMPORTED_MODULE_0_react___default = __webpack_require__.n(__WEBPACK_IMPORTED_MODULE_0_react__);
/* harmony import */ var __WEBPACK_IMPORTED_MODULE_1_react_dom__ = __webpack_require__(1);
/* harmony import */ var __WEBPACK_IMPORTED_MODULE_1_react_dom___default = __webpack_require__.n(__WEBPACK_IMPORTED_MODULE_1_react_dom__);
/* harmony export (binding) */ __webpack_require__.d(__webpack_exports__, \\"Fragment\\", function() { return Fragment; });
/* harmony export (immutable) */ __webpack_exports__[\\"default\\"] = render;
var _createClass = function () { function defineProperties(target, props) { for (var i = 0; i < props.length; i++) { var descriptor = props[i]; descriptor.enumerable = descriptor.enumerable || false; descriptor.configurable = true; if (\\"value\\" in descriptor) descriptor.writable = true; Object.defineProperty(target, descriptor.key, descriptor); } } return function (Constructor, protoProps, staticProps) { if (protoProps) defineProperties(Constructor.prototype, protoProps); if (staticProps) defineProperties(Constructor, staticProps); return Constructor; }; }();

function _classCallCheck(instance, Constructor) { if (!(instance instanceof Constructor)) { throw new TypeError(\\"Cannot call a class as a function\\"); } }

function _possibleConstructorReturn(self, call) { if (!self) { throw new ReferenceError(\\"this hasn't been initialised - super() hasn't been called\\"); } return call && (typeof call === \\"object\\" || typeof call === \\"function\\") ? call : self; }

function _inherits(subClass, superClass) { if (typeof superClass !== \\"function\\" && superClass !== null) { throw new TypeError(\\"Super expression must either be null or a function, not \\" + typeof superClass); } subClass.prototype = Object.create(superClass && superClass.prototype, { constructor: { value: subClass, enumerable: false, writable: true, configurable: true } }); if (superClass) Object.setPrototypeOf ? Object.setPrototypeOf(subClass, superClass) : subClass.__proto__ = superClass; }




var Fragment = function (_Component) {
  _inherits(Fragment, _Component);

  function Fragment() {
    _classCallCheck(this, Fragment);

    return _possibleConstructorReturn(this, (Fragment.__proto__ || Object.getPrototypeOf(Fragment)).apply(this, arguments));
  }

  _createClass(Fragment, [{
    key: 'render',
    value: function render() {
      return __WEBPACK_IMPORTED_MODULE_0_react___default.a.createElement(
        'h1',
        null,
        'Welcome to ',
        this.props.requestURI,
        '!'
      );
    }
  }]);

  return Fragment;
}(__WEBPACK_IMPORTED_MODULE_0_react__[\\"Component\\"]);

function render(element) {
  var props = JSON.parse(element.getAttribute('data-props'));
  __WEBPACK_IMPORTED_MODULE_1_react_dom___default.a.render(__WEBPACK_IMPORTED_MODULE_0_react___default.a.createElement(Fragment, props), element);
}

/***/ })
/******/ ]);
});"
`;
